###############################################################################
#
# IAR ELF Linker V8.40.2.214/W32 for ARM                  18/Feb/2021  20:58:16
# Copyright 2007-2019 IAR Systems AB.
#
#    Output file  =
#        C:\Users\kadyr\Desktop\Robert\Cpecialno dlyf
#        IAR\Temoa\Debug\Exe\ACP.out
#    Map file     =
#        C:\Users\kadyr\Desktop\Robert\Cpecialno dlyf
#        IAR\Temoa\Debug\List\ACP.map
#    Command line =
#        -f C:\Users\kadyr\AppData\Local\Temp\EW2115.tmp
#        ("C:\Users\kadyr\Desktop\Robert\Cpecialno dlyf
#        IAR\Temoa\Debug\Obj\main.o" --no_out_extension -o
#        "C:\Users\kadyr\Desktop\Robert\Cpecialno dlyf
#        IAR\Temoa\Debug\Exe\ACP.out" --redirect _Printf=_PrintfFullNoMb
#        --redirect _Scanf=_ScanfFullNoMb --map
#        "C:\Users\kadyr\Desktop\Robert\Cpecialno dlyf
#        IAR\Temoa\Debug\List\ACP.map" --config "D:\Проги для
#        учебы\arm\config\linker\ST\stm32f411xE.icf" --semihosting --entry
#        __iar_program_start --vfe --text_out locale)
#
###############################################################################

*******************************************************************************
*** RUNTIME MODEL ATTRIBUTES
***

CppFlavor                     = *
__CPP_Exceptions              = Disabled
__CPP_Language                = C++14
__Heap_Handler                = DLMalloc
__SystemLibrary               = DLib
__dlib_dynamic_initialization = normal
__dlib_version                = 6


*******************************************************************************
*** HEAP SELECTION
***

The advanced heap was selected because the application calls memory
allocation functions outside of system library functions, and there
are calls to deallocation functions in the application.


*******************************************************************************
*** PLACEMENT SUMMARY
***

"A0":  place at address 0x800'0000 { ro section .intvec };
"P1":  place in [from 0x800'0000 to 0x807'ffff] { ro };
define block CSTACK with size = 8K, alignment = 8 { };
define block HEAP with size = 8K, alignment = 8 { };
"P2":  place in [from 0x2000'0000 to 0x2001'ffff] {
          rw, block CSTACK, block HEAP };
initialize by copy { rw };

  Section                Kind         Address    Size  Object
  -------                ----         -------    ----  ------
"A0":                                            0x40
  .intvec                ro code   0x800'0000    0x40  vector_table_M.o [5]
                                 - 0x800'0040    0x40

"P1":                                          0x5218
  .text                  ro code   0x800'0040  0x149c  dlmalloc.o [2]
  .text                  ro code   0x800'14dc     0x6  abort.o [2]
  .text                  ro code   0x800'14e2    0x3a  zero_init3.o [5]
  .text                  ro code   0x800'151c    0x2c  xgetmemchunk.o [2]
  .text                  ro code   0x800'1548    0x14  exit.o [6]
  .text                  ro code   0x800'155c    0x7c  iarttio.o [6]
  .text                  ro code   0x800'15d8    0x3c  XShttio.o [2]
  .text                  ro code   0x800'1614   0xfaa  xprintffull_nomb.o [2]
  .text                  ro code   0x800'25be    0x2e  copy_init3.o [5]
  .text                  ro code   0x800'25ec    0x16  strchr.o [5]
  .text                  ro code   0x800'2602     0xa  xsprout.o [2]
  .text                  ro code   0x800'260c    0x40  xfail_s.o [2]
  .text                  ro code   0x800'264c    0x36  strlen.o [5]
  .text                  ro code   0x800'2682     0x6  iostream_cout.o [3]
  .text                  ro code   0x800'2688    0x58  memchr.o [5]
  .text                  ro code   0x800'26e0    0x76  ABImemcpy_unaligned.o [5]
  .rodata                const     0x800'2756     0x2  main.o [1]
  .text                  ro code   0x800'2758    0x70  frexp.o [4]
  .text                  ro code   0x800'27c8    0x2e  DblCmpLe.o [4]
  .text                  ro code   0x800'27f6     0x2  iostream_cout.o [3]
  .text                  ro code   0x800'27f8    0x2e  DblCmpGe.o [4]
  .text                  ro code   0x800'2826     0x2  iostream_cout.o [3]
  .text                  ro code   0x800'2828   0x13a  ldexp.o [4]
  .text                  ro code   0x800'2962     0x2  vector_table_M.o [5]
  .text                  ro code   0x800'2964    0x3a  DblToS32.o [4]
  .rodata                const     0x800'299e     0x1  main.o [1]
  .rodata                const     0x800'299f     0x1  main.o [1]
  .text                  ro code   0x800'29a0    0x22  S32ToDbl.o [4]
  .rodata                const     0x800'29c2     0x1  unwind_debug.o [6]
  .text                  ro code   0x800'29c4    0xe2  DblSub.o [4]
  .text                  ro code   0x800'2aa8   0x246  DblDiv.o [4]
  .text                  ro code   0x800'2cf0    0x28  DblToU32.o [4]
  .text                  ro code   0x800'2d18    0x1a  U32ToDbl.o [4]
  .text                  ro code   0x800'2d34   0x1a2  DblMul.o [4]
  .text                  ro code   0x800'2ed8   0x230  I64DivMod.o [5]
  .text                  ro code   0x800'3108   0x17a  DblAdd.o [4]
  .text                  ro code   0x800'3284     0x2  I64DivZer.o [5]
  .text                  ro code   0x800'3288   0x2ac  main.o [1]
  .text                  ro code   0x800'3534     0x4  main.o [1]
  .text                  ro code   0x800'3538     0x6  main.o [1]
  .text                  ro code   0x800'353e    0x22  strcspn.o [2]
  .text                  ro code   0x800'3560    0x20  main.o [1]
  .text                  ro code   0x800'3580     0x6  main.o [1]
  .text                  ro code   0x800'3586    0x2a  main.o [1]
  .text                  ro code   0x800'35b0     0xc  main.o [1]
  .text                  ro code   0x800'35bc    0x12  main.o [1]
  .text                  ro code   0x800'35d0    0x30  main.o [1]
  .text                  ro code   0x800'3600     0xa  main.o [1]
  .text                  ro code   0x800'360a     0xa  main.o [1]
  .text                  ro code   0x800'3614    0x96  main.o [1]
  .text                  ro code   0x800'36aa     0xa  main.o [1]
  .text                  ro code   0x800'36b4     0xc  main.o [1]
  .text                  ro code   0x800'36c0     0xa  main.o [1]
  .text                  ro code   0x800'36ca     0x4  main.o [1]
  .text                  ro code   0x800'36ce    0x2e  main.o [1]
  .text                  ro code   0x800'36fc    0x2e  main.o [1]
  .text                  ro code   0x800'372a     0x8  main.o [1]
  .text                  ro code   0x800'3732    0x12  main.o [1]
  .text                  ro code   0x800'3744    0x18  main.o [1]
  .text                  ro code   0x800'375c     0x8  main.o [1]
  .text                  ro code   0x800'3764    0x7a  main.o [1]
  .text                  ro code   0x800'37de    0x3a  main.o [1]
  .text                  ro code   0x800'3818     0xc  main.o [1]
  .text                  ro code   0x800'3824    0x18  main.o [1]
  .text                  ro code   0x800'383c     0xa  cxxabi.o [3]
  .text                  ro code   0x800'3846     0xa  main.o [1]
  .text                  ro code   0x800'3850    0x7a  main.o [1]
  .text                  ro code   0x800'38ca    0x12  main.o [1]
  .text                  ro code   0x800'38dc    0x2a  main.o [1]
  .text                  ro code   0x800'3906    0x28  main.o [1]
  .text                  ro code   0x800'392e     0xc  main.o [1]
  .text                  ro code   0x800'393a     0xa  main.o [1]
  .text                  ro code   0x800'3944     0x2  main.o [1]
  .text                  ro code   0x800'3946    0x2e  main.o [1]
  .text                  ro code   0x800'3974     0x2  main.o [1]
  .text                  ro code   0x800'3976     0x8  main.o [1]
  .text                  ro code   0x800'3980    0x18  main.o [1]
  .text                  ro code   0x800'3998     0xa  main.o [1]
  .text                  ro code   0x800'39a2     0x8  main.o [1]
  .text                  ro code   0x800'39aa     0x8  main.o [1]
  .text                  ro code   0x800'39b2     0x8  main.o [1]
  .text                  ro code   0x800'39ba     0x8  main.o [1]
  .text                  ro code   0x800'39c2    0x12  main.o [1]
  .text                  ro code   0x800'39d4     0x8  main.o [1]
  .text                  ro code   0x800'39dc     0x8  main.o [1]
  .text                  ro code   0x800'39e4    0x12  main.o [1]
  .text                  ro code   0x800'39f6     0x8  main.o [1]
  .text                  ro code   0x800'3a00    0xa0  cppinit.o [2]
  .text                  ro code   0x800'3aa0    0x18  main.o [1]
  .text                  ro code   0x800'3ab8    0xd6  main.o [1]
  .text                  ro code   0x800'3b90    0x78  ABImemmove_unaligned.o [5]
  .text                  ro code   0x800'3c08     0x6  main.o [1]
  .text                  ro code   0x800'3c0e    0x10  main.o [1]
  .text                  ro code   0x800'3c1e     0x8  main.o [1]
  .text                  ro code   0x800'3c26    0x12  main.o [1]
  .text                  ro code   0x800'3c38    0x32  main.o [1]
  .text                  ro code   0x800'3c6a    0x12  main.o [1]
  .text                  ro code   0x800'3c7c     0xc  main.o [1]
  .text                  ro code   0x800'3c88    0x1c  main.o [1]
  .text                  ro code   0x800'3ca4     0x2  main.o [1]
  .text                  ro code   0x800'3ca6     0x8  main.o [1]
  .text                  ro code   0x800'3cae     0x2  main.o [1]
  .text                  ro code   0x800'3cb0     0xc  main.o [1]
  .text                  ro code   0x800'3cbc     0x2  main.o [1]
  .text                  ro code   0x800'3cc0    0x28  main.o [1]
  .text                  ro code   0x800'3ce8     0x8  main.o [1]
  .text                  ro code   0x800'3cf0     0x8  main.o [1]
  .text                  ro code   0x800'3cf8     0x8  main.o [1]
  .text                  ro code   0x800'3d00     0x2  main.o [1]
  .text                  ro code   0x800'3d02    0x18  main.o [1]
  .text                  ro code   0x800'3d1c    0x66  ABImemset.o [5]
  .text                  ro code   0x800'3d82     0x2  main.o [1]
  .text                  ro code   0x800'3d84    0x18  main.o [1]
  .text                  ro code   0x800'3d9c     0xe  main.o [1]
  .text                  ro code   0x800'3daa     0x4  main.o [1]
  .text                  ro code   0x800'3dae     0x2  main.o [1]
  .text                  ro code   0x800'3db0     0x8  main.o [1]
  .text                  ro code   0x800'3db8     0xa  main.o [1]
  .text                  ro code   0x800'3dc2     0x2  main.o [1]
  .text                  ro code   0x800'3dc4     0x8  main.o [1]
  .text                  ro code   0x800'3dcc    0x70  main.o [1]
  .text                  ro code   0x800'3e3c     0x4  main.o [1]
  .text                  ro code   0x800'3e40     0x2  main.o [1]
  .text                  ro code   0x800'3e42     0x8  main.o [1]
  .text                  ro code   0x800'3e4a     0xe  main.o [1]
  .text                  ro code   0x800'3e58     0x2  main.o [1]
  .text                  ro code   0x800'3e5a    0x18  main.o [1]
  .text                  ro code   0x800'3e72     0x2  main.o [1]
  .text                  ro code   0x800'3e74     0xa  delop_0.o [3]
  .text                  ro code   0x800'3e7e    0x34  main.o [1]
  .text                  ro code   0x800'3eb2    0x1a  main.o [1]
  .text                  ro code   0x800'3ecc     0x6  main.o [1]
  .text                  ro code   0x800'3ed2    0x12  main.o [1]
  .text                  ro code   0x800'3ee4    0x20  main.o [1]
  .text                  ro code   0x800'3f04     0x4  heaptramp0.o [2]
  .text                  ro code   0x800'3f08    0x24  newop_0.o [3]
  .text                  ro code   0x800'3f2c     0x4  main.o [1]
  .text                  ro code   0x800'3f30     0x4  nomemory.o [3]
  .text                  ro code   0x800'3f34   0x1b2  main.o [1]
  .text                  ro code   0x800'40e6    0x12  main.o [1]
  .text                  ro code   0x800'40f8    0x72  main.o [1]
  .text                  ro code   0x800'416a     0x4  main.o [1]
  .text                  ro code   0x800'416e     0x8  main.o [1]
  .text                  ro code   0x800'4176     0x6  main.o [1]
  .text                  ro code   0x800'417c     0x4  main.o [1]
  .text                  ro code   0x800'4180     0xa  main.o [1]
  .text                  ro code   0x800'418a    0x28  main.o [1]
  .text                  ro code   0x800'41b2     0xe  main.o [1]
  .text                  ro code   0x800'41c0     0x8  main.o [1]
  .text                  ro code   0x800'41c8    0x14  main.o [1]
  .text                  ro code   0x800'41dc     0x4  main.o [1]
  .text                  ro code   0x800'41e0    0x54  main.o [1]
  .text                  ro code   0x800'4234     0x4  main.o [1]
  .text                  ro code   0x800'4238    0x18  main.o [1]
  .text                  ro code   0x800'4250     0x8  main.o [1]
  .text                  ro code   0x800'4258    0x28  main.o [1]
  .text                  ro code   0x800'4280     0xa  main.o [1]
  .text                  ro code   0x800'428a    0x14  main.o [1]
  .text                  ro code   0x800'42a0   0x104  ios.o [3]
  .text                  ro code   0x800'43a4     0x8  main.o [1]
  .text                  ro code   0x800'43ac    0x54  main.o [1]
  .text                  ro code   0x800'4400     0x8  main.o [1]
  .text                  ro code   0x800'4408     0x4  delop4_0.o [3]
  .text                  ro code   0x800'440c    0x48  main.o [1]
  .text                  ro code   0x800'4454    0x46  main.o [1]
  .text                  ro code   0x800'449c   0x190  main.o [1]
  .text                  ro code   0x800'462c     0x4  main.o [1]
  .text                  ro code   0x800'4630    0x20  DblCmpEq.o [4]
  .text                  ro code   0x800'4650    0xd2  main.o [1]
  .text                  ro code   0x800'4724    0x40  sprintf.o [2]
  .text                  ro code   0x800'4764    0xd8  main.o [1]
  .text                  ro code   0x800'483c    0x10  main.o [1]
  .text                  ro code   0x800'484c    0x10  main.o [1]
  .text                  ro code   0x800'485c    0x14  main.o [1]
  .text                  ro code   0x800'4870    0x1c  main.o [1]
  .text                  ro code   0x800'488c    0x10  main.o [1]
  .text                  ro code   0x800'489c    0x10  main.o [1]
  .text                  ro code   0x800'48ac    0x10  main.o [1]
  .text                  ro code   0x800'48bc    0x10  main.o [1]
  .text                  ro code   0x800'48cc    0x10  main.o [1]
  .text                  ro code   0x800'48dc    0x10  main.o [1]
  .text                  ro code   0x800'48ec    0x10  main.o [1]
  .text                  ro code   0x800'48fc    0x14  main.o [1]
  .text                  ro code   0x800'4910    0x14  main.o [1]
  .text                  ro code   0x800'4924    0x10  main.o [1]
  .text                  ro code   0x800'4934    0x10  main.o [1]
  .text                  ro code   0x800'4944    0x10  main.o [1]
  .text                  ro code   0x800'4954    0x10  main.o [1]
  .text                  ro code   0x800'4964     0xc  main.o [1]
  .text                  ro code   0x800'4970    0xae  main.o [1]
  .text                  ro code   0x800'4a1e     0x6  main.o [1]
  .text                  ro code   0x800'4a24    0x20  main.o [1]
  .text                  ro code   0x800'4a44     0x8  main.o [1]
  .text                  ro code   0x800'4a4c    0x18  main.o [1]
  .text                  ro code   0x800'4a64     0x4  main.o [1]
  .text                  ro code   0x800'4a68    0x18  main.o [1]
  .text                  ro code   0x800'4a80     0x8  main.o [1]
  .text                  ro code   0x800'4a88     0xc  main.o [1]
  .text                  ro code   0x800'4a94    0x90  iostream_cout.o [3]
  .text                  ro code   0x800'4b24    0x5c  iostream_cout.o [3]
  .text                  ro code   0x800'4b80    0x7c  main.o [1]
  .text                  ro code   0x800'4bfc    0x22  main.o [1]
  .text                  ro code   0x800'4c1e    0x6c  main.o [1]
  .text                  ro code   0x800'4c8a    0x76  main.o [1]
  .text                  ro code   0x800'4d00    0x60  iostream_cout.o [3]
  .text                  ro code   0x800'4d60    0x52  main.o [1]
  .text                  ro code   0x800'4db2    0x32  main.o [1]
  .rodata                const     0x800'4de4    0x44  iostream_cout.o [3]
  .rodata                const     0x800'4e28    0x44  iostream_cout.o [3]
  .text                  ro code   0x800'4e6c    0x38  iostream_cout.o [3]
  .text                  ro code   0x800'4ea4    0x20  putchar.o [2]
  .text                  ro code   0x800'4ec4    0x10  write.o [6]
  .text                  ro code   0x800'4ed4    0x1e  dwrite.o [6]
  .text                  ro code   0x800'4ef2    0x20  iarwstd.o [6]
  .text                  ro code   0x800'4f12    0x22  iarwrite.o [6]
  .rodata                const     0x800'4f34    0x30  main.o [1]
  .rodata                const     0x800'4f64    0x30  main.o [1]
  .text                  ro code   0x800'4f94    0x2e  main.o [1]
  .text                  ro code   0x800'4fc2    0x12  main.o [1]
  .rodata                const     0x800'4fd4    0x28  iostream_cout.o [3]
  .text                  ro code   0x800'4ffc    0x28  data_init.o [5]
  .rodata                const     0x800'5024    0x24  main.o [1]
  .rodata                const     0x800'5048    0x24  main.o [1]
  .text                  ro code   0x800'506c    0x24  main.o [1]
  .text                  ro code   0x800'5090    0x18  main.o [1]
  .text                  ro code   0x800'50a8    0x22  fpinit_M.o [4]
  .iar.init_table        const     0x800'50cc    0x28  - Linker created -
  .text                  ro code   0x800'50f4    0x20  cmain_call_ctors.o [5]
  .text                  ro code   0x800'5114    0x1e  cmain.o [5]
  .text                  ro code   0x800'5132     0x4  exit.o [2]
  .text                  ro code   0x800'5138     0xe  cexit.o [5]
  .text                  ro code   0x800'5148    0x18  main.o [1]
  .text                  ro code   0x800'5160    0x18  main.o [1]
  .text                  ro code   0x800'5178     0x4  delaop_0.o [3]
  .text                  ro code   0x800'517c    0x14  iostream_cout.o [3]
  .rodata                const     0x800'5190    0x10  main.o [1]
  .rodata                const     0x800'51a0    0x10  main.o [1]
  .rodata                const     0x800'51b0    0x10  main.o [1]
  .rodata                const     0x800'51c0    0x10  ios.o [3]
  .rodata                const     0x800'51d0    0x10  iostream_cout.o [3]
  .text                  ro code   0x800'51e0     0xe  main.o [1]
  .text                  ro code   0x800'51ee     0x8  main.o [1]
  .text                  ro code   0x800'51f6     0xe  iostream_cout.o [3]
  .text                  ro code   0x800'5204     0xc  cstartup_M.o [5]
  .text                  ro code   0x800'5210     0xa  main.o [1]
  .rodata                const     0x800'521c     0x8  main.o [1]
  .rodata                const     0x800'5224     0x8  main.o [1]
  .rodata                const     0x800'522c     0x8  xprintffull_nomb.o [2]
  SHT$$PREINIT_ARRAY               0x800'5234     0x4  <Block>
    .preinit_array       const     0x800'5234     0x4  iostream_cout.o [3]
  SHT$$INIT_ARRAY                  0x800'5238     0x4  <Block>
    .init_array          const     0x800'5238     0x4  ios.o [3]
  __iar_tls$$INIT_ARRAY            0x800'523c     0x0  <Block>
  Initializer bytes      const     0x800'523c     0x8  <for P2-1>
  .rodata                const     0x800'5244     0x4  main.o [1]
  .rodata                const     0x800'5248     0x4  main.o [1]
  .text                  ro code   0x800'524c     0x4  main.o [1]
  .text                  ro code   0x800'5250     0x4  main.o [1]
  .text                  ro code   0x800'5254     0x4  iostream_cout.o [3]
  .text                  ro code   0x800'5258     0x0  cstart_call_dtors.o [5]
  .rodata                const     0x800'5258     0x0  zero_init3.o [5]
  .rodata                const     0x800'5258     0x0  copy_init3.o [5]
                                 - 0x800'5258  0x5218

"P2", part 1 of 3:                                0x8
  P2-1                            0x2000'0000     0x8  <Init block>
    .data                inited   0x2000'0000     0x8  XShttio.o [2]
                                - 0x2000'0008     0x8

"P2", part 2 of 3:                              0x2d8
  .bss                   zero     0x2000'0008   0x1d8  dlmalloc.o [2]
  .bss                   zero     0x2000'01e0    0x70  iostream_cout.o [3]
  .bss                   zero     0x2000'0250    0x34  ios.o [3]
  .bss                   zero     0x2000'0284    0x18  dlmalloc.o [2]
  .bss                   zero     0x2000'029c    0x14  main.o [1]
  .bss                   zero     0x2000'02b0    0x10  ios.o [3]
  .bss                   zero     0x2000'02c0     0x4  main.o [1]
  .bss                   zero     0x2000'02c4     0x4  main.o [1]
  .bss                   zero     0x2000'02c8     0x4  cppinit.o [2]
  .bss                   zero     0x2000'02cc     0x4  cppinit.o [2]
  .bss                   zero     0x2000'02d0     0x4  new.o [3]
  .bss                   zero     0x2000'02d4     0x4  xfail_s.o [2]
  .bss                   zero     0x2000'02d8     0x4  xgetmemchunk.o [2]
  .bss                   zero     0x2000'02dc     0x1  main.o [1]
  .bss                   zero     0x2000'02dd     0x1  main.o [1]
  .bss                   zero     0x2000'02de     0x1  main.o [1]
  .bss                   zero     0x2000'02df     0x1  XShttio.o [2]
                                - 0x2000'02e0   0x2d8

"P2", part 3 of 3:                             0x41a8
  .iar.dynexit                    0x2000'02e0   0x1a4  <Block>
    .iar.dynexit         uninit   0x2000'02e0     0xc  cppinit.o [2]
    .iar.dynexit         uninit   0x2000'02ec   0x198  <Block tail>
  CSTACK                          0x2000'0488  0x2000  <Block>
    CSTACK               uninit   0x2000'0488  0x2000  <Block tail>
  HEAP                            0x2000'2488  0x2000  <Block>
    HEAP                 uninit   0x2000'2488  0x2000  <Block tail>
                                - 0x2000'4488  0x41a8

Unused ranges:

         From           To      Size
         ----           --      ----
   0x800'5258   0x807'ffff  0x7'ada8
  0x2000'4488  0x2001'ffff  0x1'bb78


*******************************************************************************
*** INIT TABLE
***

          Address      Size
          -------      ----
Zero (__iar_zero_init3)
    1 destination range, total size 0x2d8:
          0x2000'0008  0x2d8

Copy (__iar_copy_init3)
    1 source range, total size 0x8:
           0x800'523c    0x8
    1 destination range, total size 0x8:
          0x2000'0000    0x8

Extra (__iar_cstart_call_ctors)



*******************************************************************************
*** MODULE SUMMARY
***

    Module                  ro code  ro data  rw data
    ------                  -------  -------  -------
command line/config:
    -------------------------------------------------
    Total:

C:\Users\kadyr\Desktop\Robert\Cpecialno dlyf IAR\Temoa\Debug\Obj: [1]
    main.o                    6'026      244       31
    -------------------------------------------------
    Total:                    6'026      244       31

dl7M_tln.a: [2]
    XShttio.o                    60        8        9
    abort.o                       6
    cppinit.o                   160                20
    dlmalloc.o                5'276               496
    exit.o                        4
    heaptramp0.o                  4
    putchar.o                    32
    sprintf.o                    64
    strcspn.o                    34
    xfail_s.o                    64                 4
    xgetmemchunk.o               44                 4
    xprintffull_nomb.o        4'010        8
    xsprout.o                    10
    -------------------------------------------------
    Total:                    9'768       16      533

dlpp7M_tl_nc.a: [3]
    cxxabi.o                     10
    delaop_0.o                    4
    delop4_0.o                    4
    delop_0.o                    10
    ios.o                       260       20       68
    iostream_cout.o             436      196      112
    new.o                                           4
    newop_0.o                    36
    nomemory.o                    4
    -------------------------------------------------
    Total:                      764      216      184

m7M_tls.a: [4]
    DblAdd.o                    378
    DblCmpEq.o                   32
    DblCmpGe.o                   46
    DblCmpLe.o                   46
    DblDiv.o                    582
    DblMul.o                    418
    DblSub.o                    226
    DblToS32.o                   58
    DblToU32.o                   40
    S32ToDbl.o                   34
    U32ToDbl.o                   26
    fpinit_M.o                   34
    frexp.o                     112
    ldexp.o                     314
    -------------------------------------------------
    Total:                    2'346

rt7M_tl.a: [5]
    ABImemcpy_unaligned.o       118
    ABImemmove_unaligned.o      120
    ABImemset.o                 102
    I64DivMod.o                 560
    I64DivZer.o                   2
    cexit.o                      14
    cmain.o                      30
    cmain_call_ctors.o           32
    copy_init3.o                 46
    cstart_call_dtors.o
    cstartup_M.o                 12
    data_init.o                  40
    memchr.o                     88
    strchr.o                     22
    strlen.o                     54
    vector_table_M.o             66
    zero_init3.o                 58
    -------------------------------------------------
    Total:                    1'364

shb_l.a: [6]
    dwrite.o                     30
    exit.o                       20
    iarttio.o                   124
    iarwrite.o                   34
    iarwstd.o                    32
    unwind_debug.o                         1
    write.o                      16
    -------------------------------------------------
    Total:                      256        1

    Gaps                         35        4
    Linker created                        40   16'792
-----------------------------------------------------
    Grand Total:             20'559      521   17'540


*******************************************************************************
*** ENTRY LIST
***

Entry                       Address   Size  Type      Object
-----                       -------   ----  ----      ------
.iar.dynexit$$Base      0x2000'02e0          --   Gb  - Linker created -
.iar.dynexit$$Limit     0x2000'0484          --   Gb  - Linker created -
.iar.init_table$$Base    0x800'50cc          --   Gb  - Linker created -
.iar.init_table$$Limit   0x800'50f4          --   Gb  - Linker created -
?main                    0x800'5115         Code  Gb  cmain.o [5]
CSTACK$$Base            0x2000'0488          --   Gb  - Linker created -
CSTACK$$Limit           0x2000'2488          --   Gb  - Linker created -
DtorRecArray            0x2000'02e0    0xc  Data  Lc  cppinit.o [2]
HEAP$$Base              0x2000'2488          --   Gb  - Linker created -
HEAP$$Limit             0x2000'4488          --   Gb  - Linker created -
Initialization guard variable for std::ctype<char> const & std::use_facet<std::ctype<char>>()::_MyFacet
                        0x2000'02dd    0x1  Data  Gb  main.o [1]
Initialization guard variable for std::num_put<char, std::ostreambuf_iterator<char, std::char_traits<char>>> const & std::use_facet<std::num_put<char, std::ostreambuf_iterator<char, std::char_traits<char>>>>()::_MyFacet
                        0x2000'02dc    0x1  Data  Gb  main.o [1]
Initialization guard variable for std::numpunct<char> const & std::use_facet<std::numpunct<char>>()::_MyFacet
                        0x2000'02de    0x1  Data  Gb  main.o [1]
Region$$Table$$Base      0x800'50cc          --   Gb  - Linker created -
Region$$Table$$Limit     0x800'50f4          --   Gb  - Linker created -
SHT$$INIT_ARRAY$$Base    0x800'5238          --   Gb  - Linker created -
SHT$$INIT_ARRAY$$Limit   0x800'523c          --   Gb  - Linker created -
SHT$$PREINIT_ARRAY$$Base
                         0x800'5234          --   Gb  - Linker created -
SHT$$PREINIT_ARRAY$$Limit
                         0x800'5238          --   Gb  - Linker created -
Virtual function table for std::_Wrap_facet<std::ctype<char>>
                         0x800'51a0   0x10  Data  Gb  main.o [1]
Virtual function table for std::_Wrap_facet<std::num_put<char, std::ostreambuf_iterator<char, std::char_traits<char>>>>
                         0x800'4f64   0x30  Data  Gb  main.o [1]
Virtual function table for std::_Wrap_facet<std::numpunct<char>>
                         0x800'5048   0x24  Data  Gb  main.o [1]
Virtual function table for std::__nobasic_filebuf<char, std::char_traits<char>>
                         0x800'4e28   0x44  Data  Gb  iostream_cout.o [3]
Virtual function table for std::ctype<char>
                         0x800'5190   0x10  Data  Gb  main.o [1]
Virtual function table for std::ios
                         0x800'51d0   0x10  Data  Gb  iostream_cout.o [3]
Virtual function table for std::ios_base
                         0x800'51c0   0x10  Data  Gb  ios.o [3]
Virtual function table for std::num_put<char, std::ostreambuf_iterator<char, std::char_traits<char>>>
                         0x800'4f34   0x30  Data  Gb  main.o [1]
Virtual function table for std::numpunct<char>
                         0x800'5024   0x24  Data  Gb  main.o [1]
Virtual function table for std::ostream
                         0x800'4fd4   0x28  Data  Gb  iostream_cout.o [3]
Virtual function table for std::streambuf
                         0x800'4de4   0x44  Data  Gb  iostream_cout.o [3]
[local to ios_cpp]::std::stdopens
                        0x2000'0250    0xc  Data  Lc  ios.o [3]
[local to ios_cpp]::std::stdstr
                        0x2000'025c   0x28  Data  Lc  ios.o [3]
[local to iostream_cout_cpp]::std::__iarcoutguard
                        0x2000'020c    0x1  Data  Lc  iostream_cout.o [3]
[local to iostream_cout_cpp]::std::fout
                        0x2000'0210   0x40  Data  Lc  iostream_cout.o [3]
_LitobFullNoMb           0x800'23b9  0x10a  Code  Lc  xprintffull_nomb.o [2]
_PrintfFullNoMb          0x800'1615  0xd80  Code  Gb  xprintffull_nomb.o [2]
_PutcharFullNoMb         0x800'2529   0x20  Code  Lc  xprintffull_nomb.o [2]
_PutcharsFullNoMb        0x800'2549   0x2e  Code  Lc  xprintffull_nomb.o [2]
_SProut                  0x800'2603    0xa  Code  Gb  xsprout.o [2]
__aeabi_atexit           0x800'383d    0xa  Code  Gb  cxxabi.o [3]
__aeabi_cdcmpeq          0x800'4631         Code  Gb  DblCmpEq.o [4]
__aeabi_cdcmple          0x800'27c9         Code  Gb  DblCmpLe.o [4]
__aeabi_cdrcmple         0x800'27f9         Code  Gb  DblCmpGe.o [4]
__aeabi_d2iz             0x800'2965         Code  Gb  DblToS32.o [4]
__aeabi_d2uiz            0x800'2cf1         Code  Gb  DblToU32.o [4]
__aeabi_dadd             0x800'3109         Code  Gb  DblAdd.o [4]
__aeabi_ddiv             0x800'2aa9         Code  Gb  DblDiv.o [4]
__aeabi_dmul             0x800'2d35         Code  Gb  DblMul.o [4]
__aeabi_dsub             0x800'29c5         Code  Gb  DblSub.o [4]
__aeabi_i2d              0x800'29a1         Code  Gb  S32ToDbl.o [4]
__aeabi_ldiv0            0x800'3285         Code  Gb  I64DivZer.o [5]
__aeabi_memset           0x800'3d1d         Code  Gb  ABImemset.o [5]
__aeabi_ui2d             0x800'2d19         Code  Gb  U32ToDbl.o [4]
__aeabi_uldivmod         0x800'2ed9         Code  Gb  I64DivMod.o [5]
__call_ctors             0x800'3a01   0x18  Code  Gb  cppinit.o [2]
__call_dtors             0x800'3a4f    0xc  Code  Gb  cppinit.o [2]
__call_dtors0            0x800'3a5b   0x36  Code  Gb  cppinit.o [2]
__cexit_call_dtors       0x800'513b         Code  Gb  cexit.o [5]
__cmain                  0x800'5115         Code  Gb  cmain.o [5]
__cstart_call_dtors      0x800'5258         Data  Gb  cstart_call_dtors.o [5]
__cxa_atexit             0x800'3a19   0x36  Code  Gb  cppinit.o [2]
__data_GetMemChunk       0x800'151d   0x2c  Code  Gb  xgetmemchunk.o [2]
__data_GetMemChunk::start
                        0x2000'02d8    0x4  Data  Lc  xgetmemchunk.o [2]
__dso_handle            0x2000'02cc    0x4  Data  Gb  cppinit.o [2]
__dwrite                 0x800'4ed5   0x1e  Code  Gb  dwrite.o [6]
__exit                   0x800'1549   0x14  Code  Gb  exit.o [6]
__iar_Fail_s             0x800'260d   0x1c  Code  Gb  xfail_s.o [2]
__iar_Memchr             0x800'2689         Code  Gb  memchr.o [5]
__iar_Memset             0x800'3d1d         Code  Gb  ABImemset.o [5]
__iar_Memset_word        0x800'3d25         Code  Gb  ABImemset.o [5]
__iar_Strchr             0x800'25ed         Code  Gb  strchr.o [5]
__iar_close_ttio         0x800'155d   0x2c  Code  Gb  iarttio.o [6]
__iar_copy_init3         0x800'25bf   0x2e  Code  Gb  copy_init3.o [5]
__iar_cstart_call_ctors
                         0x800'50f5   0x20  Code  Gb  cmain_call_ctors.o [5]
__iar_dadd               0x800'29d5         Code  Gb  DblSub.o [4]
__iar_data_init3         0x800'4ffd   0x28  Code  Gb  data_init.o [5]
__iar_debug_exceptions   0x800'29c2    0x1  Data  Gb  unwind_debug.o [6]
__iar_dlfree             0x800'0fb7  0x51e  Code  Gb  dlmalloc.o [2]
__iar_dlmalloc           0x800'00c9  0xeee  Code  Gb  dlmalloc.o [2]
__iar_dsub               0x800'3119         Code  Gb  DblAdd.o [4]
__iar_dsubStart          0x800'312b         Code  Gb  DblAdd.o [4]
__iar_frexp              0x800'2765         Code  Gb  frexp.o [4]
__iar_frexpl             0x800'2765         Code  Gb  frexp.o [4]
__iar_get_ttio           0x800'1589   0x4c  Code  Gb  iarttio.o [6]
__iar_init_vfp           0x800'50a9         Code  Gb  fpinit_M.o [4]
__iar_ldexp64            0x800'2829         Code  Gb  ldexp.o [4]
__iar_lookup_ttioh       0x800'1607    0x4  Code  Gb  XShttio.o [2]
__iar_program_start      0x800'5205         Code  Gb  cstartup_M.o [5]
__iar_scalbln64          0x800'2829         Code  Gb  ldexp.o [4]
__iar_scalbn64           0x800'2829         Code  Gb  ldexp.o [4]
__iar_sh_stdout          0x800'4ef3   0x20  Code  Gb  iarwstd.o [6]
__iar_sh_write           0x800'4f13   0x22  Code  Gb  iarwrite.o [6]
__iar_softfp___iar_frexp64
                         0x800'2759         Code  Gb  frexp.o [4]
__iar_softfp_frexp       0x800'2759         Code  Gb  frexp.o [4]
__iar_softfp_frexpl      0x800'2759         Code  Gb  frexp.o [4]
__iar_tls$$INIT_ARRAY$$Base
                         0x800'523c          --   Gb  - Linker created -
__iar_tls$$INIT_ARRAY$$Limit
                         0x800'523c          --   Gb  - Linker created -
__iar_ttio_guard_lock    0x800'15d9   0x1e  Code  Gb  XShttio.o [2]
__iar_ttio_guard_unlock
                         0x800'15f7   0x10  Code  Gb  XShttio.o [2]
__iar_ttio_handles      0x2000'0000    0x8  Data  Lc  XShttio.o [2]
__iar_unaligned_memcpy   0x800'26e1         Code  Gb  ABImemcpy_unaligned.o [5]
__iar_unaligned_memcpy4
                         0x800'2701         Code  Gb  ABImemcpy_unaligned.o [5]
__iar_unaligned_memcpy8
                         0x800'2701         Code  Gb  ABImemcpy_unaligned.o [5]
__iar_unaligned_memmove
                         0x800'3b91         Code  Gb  ABImemmove_unaligned.o [5]
__iar_unaligned_memmove4
                         0x800'3b91         Code  Gb  ABImemmove_unaligned.o [5]
__iar_unaligned_memmove8
                         0x800'3b91         Code  Gb  ABImemmove_unaligned.o [5]
__iar_zero_init3         0x800'14e3   0x3a  Code  Gb  zero_init3.o [5]
__low_level_init         0x800'4765   0x4a  Code  Gb  main.o [1]
__sti__routine           0x800'42a3    0xa  Code  Lc  ios.o [3]
__sti__routine           0x800'4a95   0x90  Code  Lc  iostream_cout.o [3]
__vector_table           0x800'0000         Data  Gb  vector_table_M.o [5]
__write                  0x800'4ec5   0x10  Code  Gb  write.o [6]
_call_main               0x800'5121         Code  Gb  cmain.o [5]
_exit                    0x800'5139         Code  Gb  cexit.o [5]
_gm_                    0x2000'0008  0x1d8  Data  Lc  dlmalloc.o [2]
_main                    0x800'512f         Code  Gb  cmain.o [5]
abort                    0x800'14dd    0x6  Code  Gb  abort.o [2]
bool FieldValueBase<ADC1_SR_EOC_Values<ADC1::SR, (unsigned int)1, (unsigned int)1, ReadWriteMode, ADC1::ADC1SRBase>, ADC1::ADC1SRBase, (unsigned int)1>::IsSet<ReadWriteMode, void>()
                         0x800'4955   0x10  Code  Gb  main.o [1]
bool FieldValueBase<RCC_CFGR_SWS_Values<RCC::CFGR, (unsigned int)2, (unsigned int)2, ReadMode, RCC::RCCCFGRBase>, RCC::RCCCFGRBase, (unsigned int)1>::IsSet<ReadMode, void>()
                         0x800'4871   0x1c  Code  Gb  main.o [1]
bool FieldValueBase<RCC_CR_HSERDY_Values<RCC::CR, (unsigned int)17, (unsigned int)1, ReadMode, RCC::RCCCRBase>, RCC::RCCCRBase, (unsigned int)1>::IsSet<ReadMode, void>()
                         0x800'484d   0x10  Code  Gb  main.o [1]
char * && std::forward<char *>(std::remove_reference<char *>::type &)
                         0x800'3e59    0x2  Code  Gb  main.o [1]
char * std::_Addressof<char>(char &, std::integral_constant<bool, (bool)0>)
                         0x800'3caf    0x2  Code  Gb  main.o [1]
char * std::_Allocate<char>(unsigned int, char *, bool)
                         0x800'3ed3   0x12  Code  Gb  main.o [1]
char * std::_Maklocstr<char>(char const *, char *)
                         0x800'3e7f   0x34  Code  Gb  main.o [1]
char * std::addressof<char>(char &)
                         0x800'39bb    0x8  Code  Gb  main.o [1]
char std::_Maklocchr<char>(char, char *)
                         0x800'3e3d    0x4  Code  Gb  main.o [1]
const std::allocator<char>& && std::forward<const std::allocator<char>&>(std::remove_reference<const std::allocator<char>&>::type &)
                         0x800'3daf    0x2  Code  Gb  main.o [1]
exit                     0x800'5133    0x4  Code  Gb  exit.o [2]
free                     0x800'3f05    0x4  Code  Gb  heaptramp0.o [2]
init_mparams             0x800'005b   0x2c  Code  Lc  dlmalloc.o [2]
init_top                 0x800'0087   0x34  Code  Lc  dlmalloc.o [2]
ldexp                    0x800'2829         Code  Gb  ldexp.o [4]
ldexpl                   0x800'2829         Code  Gb  ldexp.o [4]
main                     0x800'47af   0x60  Code  Gb  main.o [1]
memchr                   0x800'2689         Code  Gb  memchr.o [5]
mparams                 0x2000'0284   0x18  Data  Lc  dlmalloc.o [2]
next_abi_dtor_rec       0x2000'02c8    0x4  Data  Lc  cppinit.o [2]
operator delete (void *)
                         0x800'3e75    0xa  Code  Gb  delop_0.o [3]
operator delete (void *, unsigned int)
                         0x800'4409    0x4  Code  Gb  delop4_0.o [3]
operator delete[] (void *)
                         0x800'5179    0x4  Code  Gb  delaop_0.o [3]
operator new (unsigned int)
                         0x800'3f09   0x24  Code  Gb  newop_0.o [3]
operator new (unsigned int, void *)
                         0x800'3f2d    0x4  Code  Gb  main.o [1]
putchar                  0x800'4ea5   0x20  Code  Gb  putchar.o [2]
scalbln                  0x800'2829         Code  Gb  ldexp.o [4]
scalblnl                 0x800'2829         Code  Gb  ldexp.o [4]
scalbn                   0x800'2829         Code  Gb  ldexp.o [4]
scalbnl                  0x800'2829         Code  Gb  ldexp.o [4]
scale                    0x800'24c3   0x46  Code  Lc  xprintffull_nomb.o [2]
sec_hand                0x2000'02d4    0x4  Data  Lc  xfail_s.o [2]
segment_holding          0x800'0041   0x1a  Code  Lc  dlmalloc.o [2]
sprintf                  0x800'4725   0x40  Code  Gb  sprintf.o [2]
std::_Compressed_pair<std::_Wrap_alloc<std::allocator<char>>, std::_String_val<std::_Simple_types<char>>, (bool)1>::_Compressed_pair<const std::allocator<char>&, >(std::_One_then_variadic_args_t, const std::allocator<char>& &&,  &&...)
                         0x800'3c89   0x1c  Code  Gb  main.o [1]
std::_Compressed_pair<std::_Wrap_alloc<std::allocator<char>>, std::_String_val<std::_Simple_types<char>>, (bool)1>::_Get_first()
                         0x800'3ca5    0x2  Code  Gb  main.o [1]
std::_Compressed_pair<std::_Wrap_alloc<std::allocator<char>>, std::_String_val<std::_Simple_types<char>>, (bool)1>::_Get_first() const
                         0x800'3e41    0x2  Code  Gb  main.o [1]
std::_Compressed_pair<std::_Wrap_alloc<std::allocator<char>>, std::_String_val<std::_Simple_types<char>>, (bool)1>::_Get_second()
                         0x800'3cbd    0x2  Code  Gb  main.o [1]
std::_Compressed_pair<std::_Wrap_alloc<std::allocator<char>>, std::_String_val<std::_Simple_types<char>>, (bool)1>::_Get_second() const
                         0x800'3d83    0x2  Code  Gb  main.o [1]
std::_Fpz               0x2000'02b0   0x10  Data  Gb  ios.o [3]
std::_NomemoryNothrow()
                         0x800'3f31    0x4  Code  Gb  nomemory.o [3]
std::_String_alloc<std::_String_base_types<char, std::allocator<char>>>::_Bx()
                         0x800'39a3    0x8  Code  Gb  main.o [1]
std::_String_alloc<std::_String_base_types<char, std::allocator<char>>>::_Get_data()
                         0x800'39dd    0x8  Code  Gb  main.o [1]
std::_String_alloc<std::_String_base_types<char, std::allocator<char>>>::_Get_data() const
                         0x800'3c1f    0x8  Code  Gb  main.o [1]
std::_String_alloc<std::_String_base_types<char, std::allocator<char>>>::_Getal()
                         0x800'39ab    0x8  Code  Gb  main.o [1]
std::_String_alloc<std::_String_base_types<char, std::allocator<char>>>::_Getal() const
                         0x800'3ce9    0x8  Code  Gb  main.o [1]
std::_String_alloc<std::_String_base_types<char, std::allocator<char>>>::_Myptr()
                         0x800'3819    0xc  Code  Gb  main.o [1]
std::_String_alloc<std::_String_base_types<char, std::allocator<char>>>::_Myptr() const
                         0x800'392f    0xc  Code  Gb  main.o [1]
std::_String_alloc<std::_String_base_types<char, std::allocator<char>>>::_Myres()
                         0x800'3999    0xa  Code  Gb  main.o [1]
std::_String_alloc<std::_String_base_types<char, std::allocator<char>>>::_Mysize()
                         0x800'3847    0xa  Code  Gb  main.o [1]
std::_String_alloc<std::_String_base_types<char, std::allocator<char>>>::_Mysize() const
                         0x800'393b    0xa  Code  Gb  main.o [1]
std::_String_alloc<std::_String_base_types<char, std::allocator<char>>>::_String_alloc(const std::allocator<char>&)
                         0x800'3981   0x18  Code  Gb  main.o [1]
std::_String_alloc<std::_String_base_types<char, std::allocator<char>>>::_String_alloc(const std::allocator<char>&) [subobject]
                         0x800'375d    0x8  Code  Gb  main.o [1]
std::_String_val<std::_Simple_types<char>>::_Myptr()
                         0x800'39e5   0x12  Code  Gb  main.o [1]
std::_String_val<std::_Simple_types<char>>::_Myptr() const
                         0x800'3c27   0x12  Code  Gb  main.o [1]
std::_String_val<std::_Simple_types<char>>::_String_val()
                         0x800'3db9    0xa  Code  Gb  main.o [1]
std::_Wrap_alloc<std::allocator<char>>::_Wrap_alloc(const std::allocator<char>&)
                         0x800'3e73    0x2  Code  Gb  main.o [1]
std::_Wrap_alloc<std::allocator<char>>::_Wrap_alloc(const std::allocator<char>&) [subobject]
                         0x800'3db1    0x8  Code  Gb  main.o [1]
std::_Wrap_alloc<std::allocator<char>>::allocate(unsigned int)
                         0x800'3cf9    0x8  Code  Gb  main.o [1]
std::_Wrap_alloc<std::allocator<char>>::deallocate(char *, unsigned int)
                         0x800'39d5    0x8  Code  Gb  main.o [1]
std::_Wrap_alloc<std::allocator<char>>::max_size(std::_Nil) const
                         0x800'3cf1    0x8  Code  Gb  main.o [1]
std::_Wrap_facet<std::ctype<char>>::_Wrap_facet()
                         0x800'3745   0x18  Code  Gb  main.o [1]
std::_Wrap_facet<std::num_put<char, std::ostreambuf_iterator<char, std::char_traits<char>>>>::_Wrap_facet()
                         0x800'4a69   0x18  Code  Gb  main.o [1]
std::_Wrap_facet<std::numpunct<char>>::_Wrap_facet()
                         0x800'3825   0x18  Code  Gb  main.o [1]
std::_Wrap_facet<std::numpunct<char>>::~_Wrap_facet()
                         0x800'51e1    0xe  Code  Gb  main.o [1]
std::__iar_New_hand     0x2000'02d0    0x4  Data  Gb  new.o [3]
std::__iar_cout_guard::~__iar_cout_guard()
                         0x800'517d   0x14  Code  Gb  iostream_cout.o [3]
std::__nobasic_filebuf<char, std::char_traits<char>>::__nobasic_filebuf()
                         0x800'4b25   0x5c  Code  Gb  iostream_cout.o [3]
std::__nobasic_filebuf<char, std::char_traits<char>>::overflow(int)
                         0x800'4e6d   0x38  Code  Gb  iostream_cout.o [3]
std::allocator<char>::allocate(unsigned int)
                         0x800'3e4b    0xe  Code  Gb  main.o [1]
std::allocator<char>::deallocate(char *, unsigned int)
                         0x800'3cb1    0xc  Code  Gb  main.o [1]
std::allocator<char>::max_size() const
                         0x800'3ecd    0x6  Code  Gb  main.o [1]
std::allocator_traits<std::allocator<char>>::max_size(const std::allocator<char>&)
                         0x800'3e43    0x8  Code  Gb  main.o [1]
std::char_traits<char>::assign(char &, char const &)
                         0x800'3c09    0x6  Code  Gb  main.o [1]
std::char_traits<char>::assign(char *, unsigned int, char)
                         0x800'3c0f   0x10  Code  Gb  main.o [1]
std::char_traits<char>::copy(char *, char const *, unsigned int)
                         0x800'39c3   0x12  Code  Gb  main.o [1]
std::char_traits<char>::eq_int_type(int const &, int const &)
                         0x800'3c6b   0x12  Code  Gb  main.o [1]
std::char_traits<char>::length(char const *)
                         0x800'40e7   0x12  Code  Gb  main.o [1]
std::char_traits<char>::move(char *, char const *, unsigned int)
                         0x800'38cb   0x12  Code  Gb  main.o [1]
std::char_traits<char>::to_int_type(char const &)
                         0x800'3dab    0x4  Code  Gb  main.o [1]
std::cout               0x2000'01e0   0x2c  Data  Gb  iostream_cout.o [3]
std::ctype<char> const & std::use_facet<std::ctype<char>>()
                         0x800'3561   0x20  Code  Gb  main.o [1]
std::ctype<char> const & std::use_facet<std::ctype<char>>()::_MyFacet
                        0x2000'02c4    0x4  Data  Gb  main.o [1]
std::ctype<char>::ctype()
                         0x800'3c7d    0xc  Code  Gb  main.o [1]
std::ctype<char>::ctype() [subobject]
                         0x800'3977    0x8  Code  Gb  main.o [1]
std::ctype<char>::widen(char const *, char const *, char *) const
                         0x800'35bd   0x12  Code  Gb  main.o [1]
std::ctype<char>::widen(char) const
                         0x800'3581    0x6  Code  Gb  main.o [1]
std::ios::clear(std::_Iosb<int>::_Iostate, bool)
                         0x800'4239   0x18  Code  Gb  main.o [1]
std::ios::fill() const   0x800'4177    0x6  Code  Gb  main.o [1]
std::ios::rdbuf() const
                         0x800'417d    0x4  Code  Gb  main.o [1]
std::ios::setstate(std::_Iosb<int>::_Iostate, bool)
                         0x800'418b   0x28  Code  Gb  main.o [1]
std::ios::tie() const    0x800'41dd    0x4  Code  Gb  main.o [1]
std::ios::widen(char) const
                         0x800'4fc3   0x12  Code  Gb  main.o [1]
std::ios_base::_Addstd(std::ios_base*)
                         0x800'430d   0x36  Code  Gb  ios.o [3]
std::ios_base::_Callfns(std::ios_base::event)
                         0x800'42f1   0x1c  Code  Gb  ios.o [3]
std::ios_base::_Init()   0x800'4351   0x1c  Code  Gb  ios.o [3]
std::ios_base::_Tidy()   0x800'436d   0x38  Code  Gb  ios.o [3]
std::ios_base::clear(std::_Iosb<int>::_Iostate, bool)
                         0x800'42ad   0x20  Code  Gb  ios.o [3]
std::ios_base::flags() const
                         0x800'3535    0x4  Code  Gb  main.o [1]
std::ios_base::good() const
                         0x800'41c9   0x14  Code  Gb  main.o [1]
std::ios_base::precision() const
                         0x800'462d    0x4  Code  Gb  main.o [1]
std::ios_base::rdstate() const
                         0x800'4235    0x4  Code  Gb  main.o [1]
std::ios_base::width() const
                         0x800'36cb    0x4  Code  Gb  main.o [1]
std::ios_base::width(int)
                         0x800'372b    0x8  Code  Gb  main.o [1]
std::ios_base::~ios_base()
                         0x800'42cd   0x24  Code  Gb  ios.o [3]
std::ios_base::~ios_base() [subobject]
                         0x800'42a1    0x2  Code  Gb  ios.o [3]
std::num_put<char, std::ostreambuf_iterator<char, std::char_traits<char>>> const & std::use_facet<std::num_put<char, std::ostreambuf_iterator<char, std::char_traits<char>>>>()
                         0x800'4a25   0x20  Code  Gb  main.o [1]
std::num_put<char, std::ostreambuf_iterator<char, std::char_traits<char>>> const & std::use_facet<std::num_put<char, std::ostreambuf_iterator<char, std::char_traits<char>>>>()::_MyFacet
                        0x2000'02c0    0x4  Data  Gb  main.o [1]
std::num_put<char, std::ostreambuf_iterator<char, std::char_traits<char>>>::_Ffmt(char *, char, std::_Iosb<int>::_Fmtflags) const
                         0x800'4651   0xd2  Code  Gb  main.o [1]
std::num_put<char, std::ostreambuf_iterator<char, std::char_traits<char>>>::_Fput(std::ostreambuf_iterator<char, std::char_traits<char>>, std::ios_base &, char, char const *, unsigned int, unsigned int, unsigned int, unsigned int) const
                         0x800'3289  0x2ac  Code  Gb  main.o [1]
std::num_put<char, std::ostreambuf_iterator<char, std::char_traits<char>>>::_Fput(std::ostreambuf_iterator<char, std::char_traits<char>>, std::ios_base &, char, char const *, unsigned int, unsigned int, unsigned int, unsigned int) const::string
                         0x800'5244    0x4  Data  Gb  main.o [1]
std::num_put<char, std::ostreambuf_iterator<char, std::char_traits<char>>>::_Fput(std::ostreambuf_iterator<char, std::char_traits<char>>, std::ios_base &, char, char const *, unsigned int, unsigned int, unsigned int, unsigned int) const::string (instance 2)
                         0x800'5248    0x4  Data  Gb  main.o [1]
std::num_put<char, std::ostreambuf_iterator<char, std::char_traits<char>>>::_Put(std::ostreambuf_iterator<char, std::char_traits<char>>, char const *, unsigned int) const
                         0x800'36fd   0x2e  Code  Gb  main.o [1]
std::num_put<char, std::ostreambuf_iterator<char, std::char_traits<char>>>::_Rep(std::ostreambuf_iterator<char, std::char_traits<char>>, char, unsigned int) const
                         0x800'36cf   0x2e  Code  Gb  main.o [1]
std::num_put<char, std::ostreambuf_iterator<char, std::char_traits<char>>>::do_put(std::ostreambuf_iterator<char, std::char_traits<char>>, std::ios_base &, char, double) const
                         0x800'449d  0x190  Code  Gb  main.o [1]
std::num_put<char, std::ostreambuf_iterator<char, std::char_traits<char>>>::num_put()
                         0x800'4a89    0xc  Code  Gb  main.o [1]
std::num_put<char, std::ostreambuf_iterator<char, std::char_traits<char>>>::num_put() [subobject]
                         0x800'4a81    0x8  Code  Gb  main.o [1]
std::num_put<char, std::ostreambuf_iterator<char, std::char_traits<char>>>::put(std::ostreambuf_iterator<char, std::char_traits<char>>, std::ios_base &, char, double) const
                         0x800'4a4d   0x18  Code  Gb  main.o [1]
std::numpunct<char> const & std::use_facet<std::numpunct<char>>()
                         0x800'35d1   0x30  Code  Gb  main.o [1]
std::numpunct<char> const & std::use_facet<std::numpunct<char>>()::_MyFacet
                        0x2000'029c   0x14  Data  Gb  main.o [1]
std::numpunct<char>::_Init(bool)
                         0x800'3dcd   0x70  Code  Gb  main.o [1]
std::numpunct<char>::_Init(bool)::string
                         0x800'299e    0x1  Data  Gb  main.o [1]
std::numpunct<char>::_Init(bool)::string (instance 2)
                         0x800'521c    0x8  Data  Gb  main.o [1]
std::numpunct<char>::_Init(bool)::string (instance 3)
                         0x800'5224    0x8  Data  Gb  main.o [1]
std::numpunct<char>::_Tidy()
                         0x800'5161   0x18  Code  Gb  main.o [1]
std::numpunct<char>::decimal_point() const
                         0x800'36ab    0xa  Code  Gb  main.o [1]
std::numpunct<char>::do_decimal_point() const
                         0x800'524d    0x4  Code  Gb  main.o [1]
std::numpunct<char>::do_grouping() const
                         0x800'5211    0xa  Code  Gb  main.o [1]
std::numpunct<char>::do_thousands_sep() const
                         0x800'5251    0x4  Code  Gb  main.o [1]
std::numpunct<char>::grouping() const
                         0x800'3601    0xa  Code  Gb  main.o [1]
std::numpunct<char>::numpunct()
                         0x800'3cc1   0x28  Code  Gb  main.o [1]
std::numpunct<char>::numpunct() [subobject]
                         0x800'39f7    0x8  Code  Gb  main.o [1]
std::numpunct<char>::thousands_sep() const
                         0x800'360b    0xa  Code  Gb  main.o [1]
std::numpunct<char>::~numpunct()
                         0x800'5149   0x18  Code  Gb  main.o [1]
std::numpunct<char>::~numpunct() [subobject]
                         0x800'51ef    0x8  Code  Gb  main.o [1]
std::operator &(std::_Iosb<int>::_Fmtflags, std::_Iosb<int>::_Fmtflags)
                         0x800'3539    0x6  Code  Gb  main.o [1]
std::operator |=(std::_Iosb<int>::_Iostate &, std::_Iosb<int>::_Iostate)
                         0x800'416f    0x8  Code  Gb  main.o [1]
std::ostream & std::endl<char, std::char_traits<char>>(std::ostream &)
                         0x800'4f95   0x2e  Code  Gb  main.o [1]
std::ostream & std::operator <<<std::char_traits<char>>(std::ostream &, char const *)
                         0x800'3f35  0x1b2  Code  Gb  main.o [1]
std::ostream::_Flush_sentry::_Flush_sentry(std::ostream&)
                         0x800'4259   0x28  Code  Gb  main.o [1]
std::ostream::_Flush_sentry::_Flush_sentry(std::ostream&) [subobject]
                         0x800'41c1    0x8  Code  Gb  main.o [1]
std::ostream::_Flush_sentry::operator bool() const
                         0x800'416b    0x4  Code  Gb  main.o [1]
std::ostream::_Flush_sentry::~_Flush_sentry()
                         0x800'428b   0x14  Code  Gb  main.o [1]
std::ostream::_Flush_sentry::~_Flush_sentry() [subobject]
                         0x800'4251    0x8  Code  Gb  main.o [1]
std::ostream::_Osfx()    0x800'43ad   0x54  Code  Gb  main.o [1]
std::ostream::_Sentry_base::_Sentry_base(std::ostream&)
                         0x800'440d   0x48  Code  Gb  main.o [1]
std::ostream::_Sentry_base::_Sentry_base(std::ostream&) [subobject]
                         0x800'43a5    0x8  Code  Gb  main.o [1]
std::ostream::_Sentry_base::~_Sentry_base()
                         0x800'4455   0x46  Code  Gb  main.o [1]
std::ostream::_Sentry_base::~_Sentry_base() [subobject]
                         0x800'4401    0x8  Code  Gb  main.o [1]
std::ostream::flush()    0x800'41e1   0x54  Code  Gb  main.o [1]
std::ostream::operator <<(double)
                         0x800'4971   0xae  Code  Gb  main.o [1]
std::ostream::operator <<(std::ostream&(*)(std::ostream&))
                         0x800'4a1f    0x6  Code  Gb  main.o [1]
std::ostream::put(char)
                         0x800'4c8b   0x76  Code  Gb  main.o [1]
std::ostream::sentry::sentry(std::ostream&)
                         0x800'40f9   0x72  Code  Gb  main.o [1]
std::ostream::sentry::~sentry()
                         0x800'41b3    0xe  Code  Gb  main.o [1]
std::ostream::~basic_ostream()
                         0x800'51f7    0xe  Code  Gb  iostream_cout.o [3]
std::ostreambuf_iterator<char, std::char_traits<char>>::failed() const
                         0x800'4a65    0x4  Code  Gb  main.o [1]
std::ostreambuf_iterator<char, std::char_traits<char>>::operator *()
                         0x800'3945    0x2  Code  Gb  main.o [1]
std::ostreambuf_iterator<char, std::char_traits<char>>::operator ++()
                         0x800'3975    0x2  Code  Gb  main.o [1]
std::ostreambuf_iterator<char, std::char_traits<char>>::operator =(char)
                         0x800'3947   0x2e  Code  Gb  main.o [1]
std::ostreambuf_iterator<char, std::char_traits<char>>::ostreambuf_iterator(std::streambuf *)
                         0x800'4a45    0x8  Code  Gb  main.o [1]
std::remove_reference<char *&>::type && std::move<char *&>(char *& &&)
                         0x800'3d01    0x2  Code  Gb  main.o [1]
std::streambuf::_Lock()
                         0x800'27f7    0x2  Code  Gb  iostream_cout.o [3]
std::streambuf::_Pnavail() const
                         0x800'3d85   0x18  Code  Gb  main.o [1]
std::streambuf::_Pninc()
                         0x800'3d9d    0xe  Code  Gb  main.o [1]
std::streambuf::_Unlock()
                         0x800'2827    0x2  Code  Gb  iostream_cout.o [3]
std::streambuf::overflow(int)
                         0x800'2683    0x6  Code  Gb  iostream_cout.o [3]
std::streambuf::pubsync()
                         0x800'4281    0xa  Code  Gb  main.o [1]
std::streambuf::sputc(char)
                         0x800'3c39   0x32  Code  Gb  main.o [1]
std::streambuf::sputn(char const *, int)
                         0x800'4181    0xa  Code  Gb  main.o [1]
std::streambuf::sync()   0x800'5255    0x4  Code  Gb  iostream_cout.o [3]
std::streambuf::xsputn(char const *, int)
                         0x800'4d01   0x60  Code  Gb  iostream_cout.o [3]
std::string::_Chassign(unsigned int, unsigned int, char)
                         0x800'38dd   0x2a  Code  Gb  main.o [1]
std::string::_Copy(unsigned int, unsigned int)
                         0x800'3ab9   0xd6  Code  Gb  main.o [1]
std::string::_Eos(unsigned int)
                         0x800'3907   0x28  Code  Gb  main.o [1]
std::string::_Grow(unsigned int, bool)
                         0x800'3851   0x7a  Code  Gb  main.o [1]
std::string::_Inside(char const *)
                         0x800'4db3   0x32  Code  Gb  main.o [1]
std::string::_Tidy(bool, unsigned int)
                         0x800'3765   0x7a  Code  Gb  main.o [1]
std::string::assign(char const *)
                         0x800'5091   0x18  Code  Gb  main.o [1]
std::string::assign(char const *, unsigned int)
                         0x800'4d61   0x52  Code  Gb  main.o [1]
std::string::assign(const std::string&, unsigned int, unsigned int)
                         0x800'4b81   0x7c  Code  Gb  main.o [1]
std::string::assign(unsigned int, char)
                         0x800'37df   0x3a  Code  Gb  main.o [1]
std::string::basic_string(char const *)
                         0x800'506d   0x24  Code  Gb  main.o [1]
std::string::basic_string(unsigned int, char)
                         0x800'3587   0x2a  Code  Gb  main.o [1]
std::string::erase(unsigned int)
                         0x800'4bfd   0x22  Code  Gb  main.o [1]
std::string::erase(unsigned int, unsigned int)
                         0x800'4c1f   0x6c  Code  Gb  main.o [1]
std::string::insert(unsigned int, unsigned int, char)
                         0x800'3615   0x96  Code  Gb  main.o [1]
std::string::max_size() const
                         0x800'3aa1   0x18  Code  Gb  main.o [1]
std::string::operator [](unsigned int)
                         0x800'35b1    0xc  Code  Gb  main.o [1]
std::string::operator [](unsigned int) const
                         0x800'36b5    0xc  Code  Gb  main.o [1]
std::string::size() const
                         0x800'36c1    0xa  Code  Gb  main.o [1]
std::string::~basic_string()
                         0x800'3733   0x12  Code  Gb  main.o [1]
strchr                   0x800'25ed         Code  Gb  strchr.o [5]
strcspn                  0x800'353f   0x22  Code  Gb  strcspn.o [2]
strlen                   0x800'264d         Code  Gb  strlen.o [5]
ttio_guard              0x2000'02df    0x1  Data  Lc  XShttio.o [2]
unsigned int RegisterField<ADC1::DR, (unsigned int)0, (unsigned int)16, ReadMode, void>::Get<ReadMode, void>()
                         0x800'4965    0xc  Code  Gb  main.o [1]
void FieldValueBase<ADC1_CR1_RES_Values<ADC1::CR1, (unsigned int)24, (unsigned int)2, ReadWriteMode, ADC1::ADC1CR1Base>, ADC1::ADC1CR1Base, (unsigned int)0>::Set<ReadWriteMode, void>()
                         0x800'48bd   0x10  Code  Gb  main.o [1]
void FieldValueBase<ADC1_CR2_ADON_Values<ADC1::CR2, (unsigned int)0, (unsigned int)1, ReadWriteMode, ADC1::ADC1CR2Base>, ADC1::ADC1CR2Base, (unsigned int)1>::Set<ReadWriteMode, void>()
                         0x800'4935   0x10  Code  Gb  main.o [1]
void FieldValueBase<ADC1_CR2_CONT_Values<ADC1::CR2, (unsigned int)1, (unsigned int)1, ReadWriteMode, ADC1::ADC1CR2Base>, ADC1::ADC1CR2Base, (unsigned int)0>::Set<ReadWriteMode, void>()
                         0x800'48cd   0x10  Code  Gb  main.o [1]
void FieldValueBase<ADC1_CR2_EOCS_Values<ADC1::CR2, (unsigned int)10, (unsigned int)1, ReadWriteMode, ADC1::ADC1CR2Base>, ADC1::ADC1CR2Base, (unsigned int)1>::Set<ReadWriteMode, void>()
                         0x800'48dd   0x10  Code  Gb  main.o [1]
void FieldValueBase<ADC1_CR2_SWSTART_Values<ADC1::CR2, (unsigned int)30, (unsigned int)1, ReadWriteMode, ADC1::ADC1CR2Base>, ADC1::ADC1CR2Base, (unsigned int)1>::Set<ReadWriteMode, void>()
                         0x800'4945   0x10  Code  Gb  main.o [1]
void FieldValueBase<ADC1_SMPR1_SMPx_x_Values<ADC1::SMPR2, (unsigned int)0, (unsigned int)3, ReadWriteMode, ADC1::ADC1SMPR1Base>, ADC1::ADC1SMPR1Base, (unsigned int)4>::Set<ReadWriteMode, void>()
                         0x800'4911   0x14  Code  Gb  main.o [1]
void FieldValueBase<ADC1_SQR1_L_Values<ADC1::SQR1, (unsigned int)20, (unsigned int)4, ReadWriteMode, ADC1::ADC1SQR1Base>, ADC1::ADC1SQR1Base, (unsigned int)0>::Set<ReadWriteMode, void>()
                         0x800'48ed   0x10  Code  Gb  main.o [1]
void FieldValueBase<ADC1_SQR3_SQ1_Values<ADC1::SQR3, (unsigned int)0, (unsigned int)5, ReadWriteMode, ADC1::ADC1SQR3Base>, ADC1::ADC1SQR3Base, (unsigned int)16>::Set<ReadWriteMode, void>()
                         0x800'48fd   0x14  Code  Gb  main.o [1]
void FieldValueBase<ADC_Common_CCR_TSVREFE_Values<ADC_Common::CCR, (unsigned int)23, (unsigned int)1, ReadWriteMode, ADC_Common::ADC_CommonCCRBase>, ADC_Common::ADC_CommonCCRBase, (unsigned int)1>::Set<ReadWriteMode, void>()
                         0x800'4925   0x10  Code  Gb  main.o [1]
void FieldValueBase<RCC_AHB1ENR_DMA2EN_Values<RCC::APB2ENR, (unsigned int)8, (unsigned int)1, ReadWriteMode, RCC::RCCAPB2ENRBase>, RCC::RCCAPB2ENRBase, (unsigned int)1>::Set<ReadWriteMode, void>()
                         0x800'48ad   0x10  Code  Gb  main.o [1]
void FieldValueBase<RCC_AHB1ENR_GPIOAEN_Values<RCC::AHB1ENR, (unsigned int)0, (unsigned int)1, ReadWriteMode, RCC::RCCAHB1ENRBase>, RCC::RCCAHB1ENRBase, (unsigned int)1>::Set<ReadWriteMode, void>()
                         0x800'489d   0x10  Code  Gb  main.o [1]
void FieldValueBase<RCC_CFGR_SW_Values<RCC::CFGR, (unsigned int)0, (unsigned int)2, ReadWriteMode, RCC::RCCCFGRBase>, RCC::RCCCFGRBase, (unsigned int)1>::Set<ReadWriteMode, void>()
                         0x800'485d   0x14  Code  Gb  main.o [1]
void FieldValueBase<RCC_CR_HSEON_Values<RCC::CR, (unsigned int)16, (unsigned int)1, ReadWriteMode, RCC::RCCCRBase>, RCC::RCCCRBase, (unsigned int)1>::Set<ReadWriteMode, void>()
                         0x800'483d   0x10  Code  Gb  main.o [1]
void FieldValueBase<RCC_CR_HSION_Values<RCC::CR, (unsigned int)0, (unsigned int)1, ReadWriteMode, RCC::RCCCRBase>, RCC::RCCCRBase, (unsigned int)0>::Set<ReadWriteMode, void>()
                         0x800'488d   0x10  Code  Gb  main.o [1]
void std::_Deallocate<char>(char *, unsigned int)
                         0x800'3dc5    0x8  Code  Gb  main.o [1]
void std::_Wrap_alloc<std::allocator<char>>::construct<char *, char *>(char * *, char * &&...)
                         0x800'3d03   0x18  Code  Gb  main.o [1]
void std::_Wrap_alloc<std::allocator<char>>::destroy<char *>(char * *)
                         0x800'39b3    0x8  Code  Gb  main.o [1]
void std::allocator<char>::construct<char *, char *>(char * *, char * &&...)
                         0x800'3ee5   0x20  Code  Gb  main.o [1]
void std::allocator<char>::destroy<char *>(char * *)
                         0x800'3dc3    0x2  Code  Gb  main.o [1]
void std::allocator_traits<std::allocator<char>>::construct<char *, char *>(std::allocator<char>&, char * *, char * &&...)
                         0x800'3e5b   0x18  Code  Gb  main.o [1]
void std::allocator_traits<std::allocator<char>>::destroy<char *>(std::allocator<char>&, char * *)
                         0x800'3ca7    0x8  Code  Gb  main.o [1]
void std::numpunct<char>::_Getvals<char>(char)
                         0x800'3eb3   0x1a  Code  Gb  main.o [1]


[1] = C:\Users\kadyr\Desktop\Robert\Cpecialno dlyf IAR\Temoa\Debug\Obj
[2] = dl7M_tln.a
[3] = dlpp7M_tl_nc.a
[4] = m7M_tls.a
[5] = rt7M_tl.a
[6] = shb_l.a

  20'559 bytes of readonly  code memory
     521 bytes of readonly  data memory
  17'540 bytes of readwrite data memory

Errors: none
Warnings: none
